07:47:55 **** Incremental Build of configuration Debug for project stm32f4xx_drivers ****
make -j4 all 
arm-none-eabi-gcc "../Src/006spi_test_avr.c" -mcpu=cortex-m4 -std=gnu11 -g3 -DSTM32 -DSTM32F407G_DISC1 -DSTM32F4 -DSTM32F407VGTx -DDEBUG -c -I../Inc -I"D:/IMT/STM-32/CUBE_IDE_Workspace/stm32f4xx_drivers/drivers/inc" -O0 -ffunction-sections -fdata-sections -Wall -fstack-usage -MMD -MP -MF"Src/006spi_test_avr.d" -MT"Src/006spi_test_avr.o" --specs=nano.specs -mfpu=fpv4-sp-d16 -mfloat-abi=hard -mthumb -o "Src/006spi_test_avr.o"
arm-none-eabi-gcc -o "stm32f4xx_drivers.elf" @"objects.list"   -mcpu=cortex-m4 -T"D:\IMT\STM-32\CUBE_IDE_Workspace\stm32f4xx_drivers\STM32F407VGTX_FLASH.ld" --specs=nosys.specs -Wl,-Map="stm32f4xx_drivers.map" -Wl,--gc-sections -static --specs=nano.specs -mfpu=fpv4-sp-d16 -mfloat-abi=hard -mthumb -Wl,--start-group -lc -lm -Wl,--end-group
Finished building target: stm32f4xx_drivers.elf
 
arm-none-eabi-objdump -h -S  stm32f4xx_drivers.elf  > "stm32f4xx_drivers.list"
arm-none-eabi-objcopy  -O binary  stm32f4xx_drivers.elf  "stm32f4xx_drivers.bin"
arm-none-eabi-size   stm32f4xx_drivers.elf 
   text	   data	    bss	    dec	    hex	filename
   2820	      8	   1568	   4396	   112c	stm32f4xx_drivers.elf
Finished building: default.size.stdout
 
Finished building: stm32f4xx_drivers.list
Finished building: stm32f4xx_drivers.bin
 
 
07:48:04 **** Incremental Build of configuration Debug for project stm32f4xx_drivers ****
make -j4 all 
arm-none-eabi-size   stm32f4xx_drivers.elf 
   text	   data	    bss	    dec	    hex	filename
   2820	      8	   1568	   4396	   112c	stm32f4xx_drivers.elf
Finished building: default.size.stdout
 
